scripts/check-coupon.ts(15,17): error TS2353: Object literal may only specify known properties, and 'university' does not exist in type 'CouponInclude<DefaultArgs>'.
scripts/set-default-hours.ts(24,7): error TS2322: Type 'null' is not assignable to type 'JsonNullableFilter<"Restaurant"> | undefined'.
scripts/test-payouts.ts(23,13): error TS2322: Type '{ name: string; slug: string; placeId: string; commissionPercentage: number; }' is not assignable to type '(Without<RestaurantCreateInput, RestaurantUncheckedCreateInput> & RestaurantUncheckedCreateInput) | (Without<...> & RestaurantCreateInput)'.
  Type '{ name: string; slug: string; placeId: string; commissionPercentage: number; }' is not assignable to type 'Without<RestaurantCreateInput, RestaurantUncheckedCreateInput> & RestaurantUncheckedCreateInput'.
    Property 'updatedAt' is missing in type '{ name: string; slug: string; placeId: string; commissionPercentage: number; }' but required in type 'RestaurantUncheckedCreateInput'.
scripts/test-superadmin-crud.ts(35,13): error TS2322: Type '{ name: string; slug: string; placeId: string; isActive: true; commissionPercentage: number; }' is not assignable to type '(Without<RestaurantCreateInput, RestaurantUncheckedCreateInput> & RestaurantUncheckedCreateInput) | (Without<...> & RestaurantCreateInput)'.
  Type '{ name: string; slug: string; placeId: string; isActive: true; commissionPercentage: number; }' is not assignable to type 'Without<RestaurantCreateInput, RestaurantUncheckedCreateInput> & RestaurantUncheckedCreateInput'.
    Property 'updatedAt' is missing in type '{ name: string; slug: string; placeId: string; isActive: true; commissionPercentage: number; }' but required in type 'RestaurantUncheckedCreateInput'.
sentry.client.config.ts(6,25): error TS2307: Cannot find module '@sentry/nextjs' or its corresponding type declarations.
sentry.client.config.ts(22,14): error TS7006: Parameter 'event' implicitly has an 'any' type.
sentry.client.config.ts(22,21): error TS7006: Parameter 'hint' implicitly has an 'any' type.
sentry.edge.config.ts(6,25): error TS2307: Cannot find module '@sentry/nextjs' or its corresponding type declarations.
sentry.server.config.ts(6,25): error TS2307: Cannot find module '@sentry/nextjs' or its corresponding type declarations.
sentry.server.config.ts(18,14): error TS7006: Parameter 'event' implicitly has an 'any' type.
sentry.server.config.ts(18,21): error TS7006: Parameter 'hint' implicitly has an 'any' type.
src/app/[universitySlug]/[restaurantSlug]/MenuClient.tsx(362,21): error TS2322: Type 'boolean | null' is not assignable to type 'boolean | undefined'.
  Type 'null' is not assignable to type 'boolean | undefined'.
src/app/[universitySlug]/[restaurantSlug]/page.tsx(6,10): error TS2305: Module '"next/navigation.js"' has no exported member 'notFound'.
src/app/[universitySlug]/[restaurantSlug]/page.tsx(82,24): error TS18047: 'restaurant' is possibly 'null'.
src/app/[universitySlug]/[restaurantSlug]/page.tsx(83,21): error TS2322: Type '{ place: { id: string; name: string; slug: string; }; id: string; name: string; slug: string; location: string | null; imageUrl: string | null; imagePosition: string; imageScale: number; description: string | null; ... 4 more ...; categories: { ...; }[]; } | null' is not assignable to type '{ id: string; name: string; slug: string; location?: string | null | undefined; description?: string | null | undefined; isOverloaded?: boolean | undefined; overloadUntil?: Date | null | undefined; averageRating?: number | ... 1 more ... | undefined; reviewCount?: number | ... 1 more ... | undefined; place: { ...; }...'.
  Type 'null' is not assignable to type '{ id: string; name: string; slug: string; location?: string | null | undefined; description?: string | null | undefined; isOverloaded?: boolean | undefined; overloadUntil?: Date | null | undefined; averageRating?: number | ... 1 more ... | undefined; reviewCount?: number | ... 1 more ... | undefined; place: { ...; }...'.
src/app/[universitySlug]/checkout/CheckoutClient.tsx(9,10): error TS2305: Module '"next/navigation.js"' has no exported member 'useRouter'.
src/app/[universitySlug]/checkout/CheckoutClient.tsx(458,59): error TS2339: Property 'id' does not exist on type '{ productOptionId: string; name: string; priceDelta: number; }'.
src/app/[universitySlug]/checkout/CheckoutClient.tsx(654,17): error TS2322: Type '{ university: { id: string; name: string; slug: string; }; }' is not assignable to type 'IntrinsicAttributes & HeaderProps'.
  Property 'university' does not exist on type 'IntrinsicAttributes & HeaderProps'.
src/app/[universitySlug]/checkout/CheckoutClient.tsx(675,15): error TS2322: Type '{ university: { id: string; name: string; slug: string; }; }' is not assignable to type 'IntrinsicAttributes & HeaderProps'.
  Property 'university' does not exist on type 'IntrinsicAttributes & HeaderProps'.
src/app/[universitySlug]/checkout/CheckoutClient.tsx(1055,17): error TS2322: Type '{ restaurantId: string; onCouponApplied: (coupon: { id: string; code: string; discountAmount: number; }) => void; onCouponRemoved: () => void; appliedCoupon: { id: string; code: string; discountAmount: number; } | null; }' is not assignable to type 'IntrinsicAttributes & CouponInputProps'.
  Property 'appliedCoupon' does not exist on type 'IntrinsicAttributes & CouponInputProps'.
src/app/[universitySlug]/checkout/CheckoutClient.tsx(1135,19): error TS2322: Type 'string | boolean' is not assignable to type 'boolean | undefined'.
  Type 'string' is not assignable to type 'boolean | undefined'.
src/app/[universitySlug]/checkout/page.tsx(5,10): error TS2305: Module '"next/navigation.js"' has no exported member 'notFound'.
src/app/[universitySlug]/checkout/page.tsx(29,26): error TS2322: Type '{ id: string; name: string; slug: string; } | null' is not assignable to type '{ id: string; name: string; slug: string; }'.
  Type 'null' is not assignable to type '{ id: string; name: string; slug: string; }'.
src/app/[universitySlug]/page.tsx(5,10): error TS2305: Module '"next/navigation.js"' has no exported member 'notFound'.
src/app/[universitySlug]/page.tsx(24,20): error TS2304: Cannot find name 'Restaurant'.
src/app/[universitySlug]/page.tsx(49,20): error TS18047: 'place' is possibly 'null'.
src/app/[universitySlug]/page.tsx(114,24): error TS18047: 'place' is possibly 'null'.
src/app/admin/crm/page.tsx(8,10): error TS2305: Module '"next/navigation.js"' has no exported member 'useRouter'.
src/app/admin/orders/page.tsx(8,10): error TS2305: Module '"next/navigation.js"' has no exported member 'useRouter'.
src/app/admin/orders/page.tsx(190,64): error TS2345: Argument of type 'Order[]' is not assignable to parameter of type 'Order[]'.
  Type 'Order' is not assignable to type 'Order'. Two different types with this name exist, but they are unrelated.
    Types of property 'status' are incompatible.
      Type 'string' is not assignable to type 'OrderStatus'.
src/app/admin/orders/page.tsx(227,17): error TS2345: Argument of type 'Order[]' is not assignable to parameter of type 'SetStateAction<Order[]>'.
  Type 'Order[]' is not assignable to type 'Order[]'. Two different types with this name exist, but they are unrelated.
    Type 'Order' is missing the following properties from type 'Order': pickupCode, pickupSlotStart, totalAmount, student, and 2 more.
src/app/admin/scan/page.tsx(9,10): error TS2305: Module '"next/navigation.js"' has no exported member 'useRouter'.
src/app/api/admin/orders/validate-qr/route.ts(200,18): error TS2304: Cannot find name 'body'.
src/app/api/admin/orders/validate-qr/route.ts(201,15): error TS2304: Cannot find name 'body'.
src/app/api/admin/orders/validate-qr/route.ts(202,15): error TS2304: Cannot find name 'body'.
src/app/api/admin/products/route.ts(207,40): error TS2367: This comparison appears to be unintentional because the types 'boolean' and 'string' have no overlap.
src/app/api/admin/products/route.ts(211,13): error TS2367: This comparison appears to be unintentional because the types 'number' and 'string' have no overlap.
src/app/api/admin/products/route.ts(217,13): error TS2367: This comparison appears to be unintentional because the types 'number' and 'string' have no overlap.
src/app/api/admin/restaurant/settings/route.ts(116,28): error TS18046: 'hours.open' is of type 'unknown'.
src/app/api/admin/restaurant/settings/route.ts(117,29): error TS18046: 'hours.close' is of type 'unknown'.
src/app/api/coupons/validate/route.ts(37,9): error TS2353: Object literal may only specify known properties, and 'university' does not exist in type 'CouponInclude<DefaultArgs>'.
src/app/api/orders/[id]/route.ts(38,9): error TS2353: Object literal may only specify known properties, and 'university' does not exist in type 'OrderInclude<DefaultArgs>'.
src/app/api/payments/process-saved-method/route.ts(99,7): error TS2345: Argument of type 'PaymentMethod' is not assignable to parameter of type '"PSE" | "CARD" | undefined'.
  Type '"CASH"' is not assignable to type '"PSE" | "CARD" | undefined'.
src/app/api/payments/session/route.ts(355,11): error TS2322: Type 'Record<string, unknown>' is not assignable to type 'NullableJsonNullValueInput | InputJsonValue | undefined'.
  Type 'Record<string, unknown>' is missing the following properties from type 'readonly (InputJsonValue | null)[]': length, concat, join, slice, and 26 more.
src/app/api/payments/verify-transaction/route.ts(207,13): error TS2322: Type 'Record<string, unknown>' is not assignable to type 'NullableJsonNullValueInput | InputJsonValue | undefined'.
  Type 'Record<string, unknown>' is missing the following properties from type 'readonly (InputJsonValue | null)[]': length, concat, join, slice, and 26 more.
src/app/api/payments/verify-transaction/route.ts(430,24): error TS2304: Cannot find name 'body'.
src/app/api/payments/verify-transaction/route.ts(431,18): error TS2304: Cannot find name 'body'.
src/app/api/payments/webhook/route.ts(216,7): error TS2322: Type '{ orderId: string; method: PaymentMethod; status: PaymentStatus; id: string; createdAt: Date; updatedAt: Date; provider: string; providerRef: string | null; ... 7 more ...; declinedReason: string | null; }' is not assignable to type '{ order: { student: { id: string; placeId: string | null; restaurantId: string | null; createdAt: Date; updatedAt: Date; email: string; role: Role; firstName: string | null; lastName: string | null; phoneNumber: string | null; isActive: boolean; }; place: { ...; }; restaurant: { ...; }; items: ({ ...; } & { ...; })[...'.
  Property 'order' is missing in type '{ orderId: string; method: PaymentMethod; status: PaymentStatus; id: string; createdAt: Date; updatedAt: Date; provider: string; providerRef: string | null; ... 7 more ...; declinedReason: string | null; }' but required in type '{ order: { student: { id: string; placeId: string | null; restaurantId: string | null; createdAt: Date; updatedAt: Date; email: string; role: Role; firstName: string | null; lastName: string | null; phoneNumber: string | null; isActive: boolean; }; place: { ...; }; restaurant: { ...; }; items: ({ ...; } & { ...; })[...'.
src/app/api/payments/webhook/route.ts(225,11): error TS2322: Type 'Record<string, unknown>' is not assignable to type 'NullableJsonNullValueInput | InputJsonValue | undefined'.
  Type 'Record<string, unknown>' is missing the following properties from type 'readonly (InputJsonValue | null)[]': length, concat, join, slice, and 26 more.
src/app/api/payments/webhook/route.ts(231,15): error TS2353: Object literal may only specify known properties, and 'university' does not exist in type 'OrderInclude<DefaultArgs>'.
src/app/api/payments/webhook/route.ts(244,19): error TS18047: 'payment' is possibly 'null'.
src/app/api/payments/webhook/route.ts(248,20): error TS18047: 'payment' is possibly 'null'.
src/app/api/payments/webhook/route.ts(264,41): error TS18047: 'payment' is possibly 'null'.
src/app/api/payments/webhook/route.ts(301,28): error TS18047: 'payment' is possibly 'null'.
src/app/api/payments/webhook/route.ts(502,22): error TS18047: 'payment' is possibly 'null'.
src/app/api/payments/webhook/route.ts(503,22): error TS18047: 'payment' is possibly 'null'.
src/app/api/payments/webhook/route.ts(505,29): error TS18047: 'payment' is possibly 'null'.
src/app/api/superadmin/commissions/export-excel/route.ts(145,37): error TS2365: Operator '>' cannot be applied to types 'Decimal' and 'number'.
src/app/api/superadmin/commissions/export-excel/route.ts(146,17): error TS2362: The left-hand side of an arithmetic operation must be of type 'any', 'number', 'bigint' or an enum type.
src/app/api/superadmin/commissions/export-excel/route.ts(252,16): error TS18004: No value exists in scope for the shorthand property 'dateFrom'. Either declare one or provide an initializer.
src/app/api/superadmin/commissions/export-excel/route.ts(252,26): error TS2552: Cannot find name 'dateTo'. Did you mean 'Date'?
src/app/api/superadmin/commissions/export-excel/route.ts(252,34): error TS18004: No value exists in scope for the shorthand property 'restaurantId'. Either declare one or provide an initializer.
src/app/api/superadmin/commissions/export/route.ts(122,35): error TS2365: Operator '>' cannot be applied to types 'Decimal' and 'number'.
src/app/api/superadmin/commissions/export/route.ts(123,15): error TS2362: The left-hand side of an arithmetic operation must be of type 'any', 'number', 'bigint' or an enum type.
src/app/api/superadmin/commissions/export/route.ts(168,16): error TS18004: No value exists in scope for the shorthand property 'dateFrom'. Either declare one or provide an initializer.
src/app/api/superadmin/commissions/export/route.ts(168,26): error TS2552: Cannot find name 'dateTo'. Did you mean 'Date'?
src/app/api/superadmin/commissions/export/route.ts(168,34): error TS18004: No value exists in scope for the shorthand property 'restaurantId'. Either declare one or provide an initializer.
src/app/api/superadmin/commissions/route.ts(96,35): error TS2365: Operator '>' cannot be applied to types 'Decimal' and 'number'.
src/app/api/superadmin/commissions/route.ts(97,15): error TS2362: The left-hand side of an arithmetic operation must be of type 'any', 'number', 'bigint' or an enum type.
src/app/api/superadmin/commissions/route.ts(194,35): error TS2365: Operator '>' cannot be applied to types 'Decimal' and 'number'.
src/app/api/superadmin/commissions/route.ts(195,15): error TS2362: The left-hand side of an arithmetic operation must be of type 'any', 'number', 'bigint' or an enum type.
src/app/api/superadmin/invoices/create/route.ts(8,40): error TS2554: Expected 0 arguments, but got 1.
src/app/api/superadmin/payouts/close/route.ts(8,40): error TS2554: Expected 0 arguments, but got 1.
src/app/api/superadmin/payouts/route.ts(8,40): error TS2554: Expected 0 arguments, but got 1.
src/app/api/superadmin/restaurants/route.ts(105,7): error TS2322: Type '{ name: any; slug: any; placeId: any; location: any; imageUrl: any; imagePosition: any; imageScale: any; commissionPercentage: number; isActive: true; }' is not assignable to type '(Without<RestaurantCreateInput, RestaurantUncheckedCreateInput> & RestaurantUncheckedCreateInput) | (Without<...> & RestaurantCreateInput)'.
  Type '{ name: any; slug: any; placeId: any; location: any; imageUrl: any; imagePosition: any; imageScale: any; commissionPercentage: number; isActive: true; }' is not assignable to type 'Without<RestaurantUncheckedCreateInput, RestaurantCreateInput> & RestaurantCreateInput'.
    Type '{ name: any; slug: any; placeId: any; location: any; imageUrl: any; imagePosition: any; imageScale: any; commissionPercentage: number; isActive: true; }' is missing the following properties from type 'RestaurantCreateInput': updatedAt, place
src/app/api/superadmin/stats/route.ts(110,33): error TS2365: Operator '>' cannot be applied to types 'Decimal' and 'number'.
src/app/api/superadmin/stats/route.ts(111,13): error TS2362: The left-hand side of an arithmetic operation must be of type 'any', 'number', 'bigint' or an enum type.
src/app/api/superadmin/stats/route.ts(178,35): error TS2365: Operator '>' cannot be applied to types 'Decimal' and 'number'.
src/app/api/superadmin/stats/route.ts(179,15): error TS2362: The left-hand side of an arithmetic operation must be of type 'any', 'number', 'bigint' or an enum type.
src/app/auth/forgot-password/page.tsx(8,10): error TS2305: Module '"next/navigation.js"' has no exported member 'useRouter'.
src/app/auth/login/page.tsx(8,10): error TS2305: Module '"next/navigation.js"' has no exported member 'useRouter'.
src/app/auth/login/page.tsx(8,21): error TS2305: Module '"next/navigation.js"' has no exported member 'useSearchParams'.
src/app/auth/reset-password/page.tsx(8,10): error TS2305: Module '"next/navigation.js"' has no exported member 'useRouter'.
src/app/auth/signup/page.tsx(8,10): error TS2305: Module '"next/navigation.js"' has no exported member 'useRouter'.
src/app/checkout/page.tsx(8,10): error TS2305: Module '"next/navigation.js"' has no exported member 'useSearchParams'.
src/app/checkout/page.tsx(8,27): error TS2305: Module '"next/navigation.js"' has no exported member 'useRouter'.
src/app/credits/page.tsx(11,10): error TS2305: Module '"next/navigation.js"' has no exported member 'useRouter'.
src/app/favorites/page.tsx(11,10): error TS2305: Module '"next/navigation.js"' has no exported member 'useRouter'.
src/app/layout.tsx(2,10): error TS2305: Module '"next/font/google/index.js"' has no exported member 'Inter'.
src/app/orders/[id]/payment-result/page.tsx(5,10): error TS2305: Module '"next/navigation.js"' has no exported member 'notFound'.
src/app/orders/[id]/payment-result/page.tsx(5,20): error TS2305: Module '"next/navigation.js"' has no exported member 'redirect'.
src/app/orders/[id]/payment-result/page.tsx(60,36): error TS18047: 'order' is possibly 'null'.
src/app/orders/[id]/payment-result/page.tsx(104,11): error TS2322: Type '({ student: { id: string; email: string; }; restaurant: { id: string; name: string; }; payment: { orderId: string; method: PaymentMethod; status: PaymentStatus; ... 12 more ...; declinedReason: string | null; } | null; } & { ...; }) | null' is not assignable to type '{ id: string; status: OrderStatus; totalAmount: number; restaurant: { id: string; name: string; }; payment: { id: string; status: "approved" | "declined" | "pending"; providerRef: string | null; declinedReason: string | null; } | null; }'.
  Type 'null' is not assignable to type '{ id: string; status: OrderStatus; totalAmount: number; restaurant: { id: string; name: string; }; payment: { id: string; status: "approved" | "declined" | "pending"; providerRef: string | null; declinedReason: string | null; } | null; }'.
src/app/orders/[id]/payment-result/PaymentResultClient.tsx(9,10): error TS2305: Module '"next/navigation.js"' has no exported member 'useRouter'.
src/app/orders/[id]/receipt/OrderReceiptClient.tsx(64,9): error TS2741: Property 'payment_failed' is missing in type '{ awaiting_payment: { label: string; color: string; }; paid: { label: string; color: string; }; in_progress: { label: string; color: string; }; ready: { label: string; color: string; }; delivered: { label: string; color: string; }; cancelled: { ...; }; refunded: { ...; }; }' but required in type 'Record<OrderStatus, { label: string; color: string; }>'.
src/app/orders/[id]/receipt/page.tsx(5,10): error TS2305: Module '"next/navigation.js"' has no exported member 'notFound'.
src/app/orders/[id]/receipt/page.tsx(27,19): error TS2454: Variable 'orderId' is used before being assigned.
src/app/orders/[id]/receipt/page.tsx(30,20): error TS2454: Variable 'orderId' is used before being assigned.
src/app/orders/[id]/receipt/page.tsx(67,21): error TS2454: Variable 'orderId' is used before being assigned.
src/app/orders/[id]/receipt/page.tsx(72,9): error TS2454: Variable 'orderId' is used before being assigned.
src/app/orders/[id]/receipt/page.tsx(72,26): error TS18047: 'order' is possibly 'null'.
src/app/orders/[id]/receipt/page.tsx(72,54): error TS18047: 'order' is possibly 'null'.
src/app/orders/[id]/receipt/page.tsx(79,24): error TS18047: 'order' is possibly 'null'.
src/app/orders/[id]/receipt/page.tsx(80,22): error TS18047: 'order' is possibly 'null'.
src/app/orders/[id]/receipt/page.tsx(81,18): error TS18047: 'order' is possibly 'null'.
src/app/orders/[id]/receipt/page.tsx(88,31): error TS2322: Type '{ pickupSlotStart: string; pickupSlotEnd: string; createdAt: string; restaurant?: { id: string; name: string; location: string | null; } | undefined; payment?: { status: $Enums.PaymentStatus; id: string; providerRef: string | null; declinedReason: string | null; } | null | undefined; ... 21 more ...; type?: $Enums.O...' is not assignable to type '{ id: string; pickupCode: string; pickupSlotStart: string | Date; pickupSlotEnd: string | Date; totalAmount: number; status: OrderStatus; restaurant: { id: string; name: string; location?: string | ... 1 more ... | undefined; }; items: { ...; }[]; review?: { ...; } | ... 1 more ... | undefined; }'.
  Types of property 'id' are incompatible.
    Type 'string | undefined' is not assignable to type 'string'.
      Type 'undefined' is not assignable to type 'string'.
src/app/orders/[id]/receipt/page.tsx(99,9): error TS2454: Variable 'orderId' is used before being assigned.
src/app/orders/page.tsx(14,10): error TS2305: Module '"next/navigation.js"' has no exported member 'useRouter'.
src/app/payment-methods/page.tsx(11,10): error TS2305: Module '"next/navigation.js"' has no exported member 'useRouter'.
src/app/privacy/page.tsx(6,10): error TS2305: Module '"next/navigation.js"' has no exported member 'redirect'.
src/app/settings/page.tsx(8,10): error TS2305: Module '"next/navigation.js"' has no exported member 'useRouter'.
src/app/superadmin/commissions/page.tsx(8,10): error TS2305: Module '"next/navigation.js"' has no exported member 'useRouter'.
src/app/superadmin/dashboard/page.tsx(8,10): error TS2305: Module '"next/navigation.js"' has no exported member 'useRouter'.
src/app/superadmin/food-categories/page.tsx(8,10): error TS2305: Module '"next/navigation.js"' has no exported member 'useRouter'.
src/app/superadmin/notifications/page.tsx(10,10): error TS2305: Module '"next/navigation.js"' has no exported member 'useRouter'.
src/app/superadmin/orders/page.tsx(8,10): error TS2305: Module '"next/navigation.js"' has no exported member 'useRouter'.
src/app/superadmin/payouts/page.tsx(9,10): error TS2305: Module '"next/navigation.js"' has no exported member 'useRouter'.
src/app/superadmin/restaurants/[id]/commission/page.tsx(8,10): error TS2305: Module '"next/navigation.js"' has no exported member 'useParams'.
src/app/superadmin/restaurants/[id]/commission/page.tsx(8,21): error TS2305: Module '"next/navigation.js"' has no exported member 'useRouter'.
src/app/superadmin/restaurants/page.tsx(8,10): error TS2305: Module '"next/navigation.js"' has no exported member 'useRouter'.
src/app/superadmin/restaurants/page.tsx(236,42): error TS2339: Property 'commissionPercentage' does not exist on type 'Restaurant'.
src/app/superadmin/restaurants/page.tsx(237,24): error TS2339: Property 'commissionPercentage' does not exist on type 'Restaurant'.
src/app/superadmin/restaurants/page.tsx(270,7): error TS2353: Object literal may only specify known properties, and 'universityId' does not exist in type 'SetStateAction<{ name: string; slug: string; location: string; imageUrl: string; imagePosition: string; imageScale: number; placeId: string; commissionPercentage: string; isActive: boolean; }>'.
src/app/superadmin/restaurants/page.tsx(524,82): error TS18048: 'restaurant._count' is possibly 'undefined'.
src/app/superadmin/restaurants/page.tsx(1292,28): error TS18048: 'emailCheckResult.user' is possibly 'undefined'.
src/app/superadmin/restaurants/page.tsx(1293,28): error TS18048: 'emailCheckResult.user' is possibly 'undefined'.
src/app/superadmin/restaurants/page.tsx(1296,28): error TS18048: 'emailCheckResult.user' is possibly 'undefined'.
src/app/superadmin/restaurants/page.tsx(1298,31): error TS18048: 'emailCheckResult.user' is possibly 'undefined'.
src/app/superadmin/restaurants/page.tsx(1301,28): error TS18048: 'emailCheckResult.user' is possibly 'undefined'.
src/app/superadmin/restaurants/page.tsx(1302,48): error TS18048: 'emailCheckResult.user' is possibly 'undefined'.
src/app/superadmin/universities/page.tsx(8,10): error TS2305: Module '"next/navigation.js"' has no exported member 'useRouter'.
src/app/superadmin/universities/page.tsx(141,17): error TS2345: Argument of type '{ name: string; slug: string; imageUrl: string; isActive: true; }' is not assignable to parameter of type 'SetStateAction<{ name: string; slug: string; imageUrl: string; imagePosition: string; imageScale: number; isActive: boolean; }>'.
  Type '{ name: string; slug: string; imageUrl: string; isActive: true; }' is missing the following properties from type '{ name: string; slug: string; imageUrl: string; imagePosition: string; imageScale: number; isActive: boolean; }': imagePosition, imageScale
src/app/superadmin/users/page.tsx(8,10): error TS2305: Module '"next/navigation.js"' has no exported member 'useRouter'.
src/app/test-sentry/page.tsx(3,25): error TS2307: Cannot find module '@sentry/nextjs' or its corresponding type declarations.
src/components/auth/AuthGuard.tsx(8,10): error TS2305: Module '"next/navigation.js"' has no exported member 'useRouter'.
src/components/auth/UserMenu.tsx(24,10): error TS2305: Module '"next/navigation.js"' has no exported member 'useRouter'.
src/components/auth/UserMenu.tsx(24,21): error TS2305: Module '"next/navigation.js"' has no exported member 'usePathname'.
src/components/auth/UserMenu.tsx(185,29): error TS7006: Parameter 'e' implicitly has an 'any' type.
src/components/auth/UserMenu.tsx(196,29): error TS7006: Parameter 'e' implicitly has an 'any' type.
src/components/auth/UserMenu.tsx(207,29): error TS7006: Parameter 'e' implicitly has an 'any' type.
src/components/auth/UserMenu.tsx(218,29): error TS7006: Parameter 'e' implicitly has an 'any' type.
src/components/auth/UserMenu.tsx(229,29): error TS7006: Parameter 'e' implicitly has an 'any' type.
src/components/auth/UserMenu.tsx(245,29): error TS7006: Parameter 'e' implicitly has an 'any' type.
src/components/auth/UserMenu.tsx(256,29): error TS7006: Parameter 'e' implicitly has an 'any' type.
src/components/auth/UserMenu.tsx(267,29): error TS7006: Parameter 'e' implicitly has an 'any' type.
src/components/auth/UserMenu.tsx(278,29): error TS7006: Parameter 'e' implicitly has an 'any' type.
src/components/auth/UserMenu.tsx(289,29): error TS7006: Parameter 'e' implicitly has an 'any' type.
src/components/auth/UserMenu.tsx(300,29): error TS7006: Parameter 'e' implicitly has an 'any' type.
src/components/auth/UserMenu.tsx(311,29): error TS7006: Parameter 'e' implicitly has an 'any' type.
src/components/auth/UserMenu.tsx(322,29): error TS7006: Parameter 'e' implicitly has an 'any' type.
src/components/auth/UserMenu.tsx(351,29): error TS7006: Parameter 'e' implicitly has an 'any' type.
src/components/auth/UserMenu.tsx(362,29): error TS7006: Parameter 'e' implicitly has an 'any' type.
src/components/auth/UserMenu.tsx(376,25): error TS7006: Parameter 'e' implicitly has an 'any' type.
src/components/layout/BottomNav.tsx(5,10): error TS2305: Module '"next/navigation.js"' has no exported member 'usePathname'.
src/components/payments/WompiCardForm.tsx(32,5): error TS2717: Subsequent property declarations must have the same type.  Property 'WidgetCheckout' must be of type '(new (config: { currency: string; amountInCents: number; reference: string; publicKey: string; signature: { integrity: string; }; redirectUrl?: string | undefined; expirationTime?: string | undefined; ... 4 more ...; shippingAddress?: { ...; } | undefined; }) => { ...; }) | undefined', but here has type '(new (config: { currency: string; amountInCents: number; reference: string; publicKey: string; signature: { integrity: string; }; redirectUrl?: string | undefined; expirationTime?: string | undefined; taxInCents?: { ...; } | undefined; customerData?: { ...; } | undefined; shippingAddress?: { ...; } | undefined; }) =...'.
src/components/payments/WompiCardForm.tsx(196,40): error TS2339: Property 'WompiWidget' does not exist on type 'Window & typeof globalThis'.
src/components/payments/WompiWidget.tsx(296,41): error TS7006: Parameter 'result' implicitly has an 'any' type.
src/components/ui/CartButton.tsx(11,10): error TS2305: Module '"next/navigation.js"' has no exported member 'useRouter'.
src/components/ui/OrderCard.tsx(18,10): error TS2305: Module '"next/navigation.js"' has no exported member 'useRouter'.
src/components/ui/OrderCard.tsx(52,22): error TS7053: Element implicitly has an 'any' type because expression of type 'any' can't be used to index type 'Record<OrderStatus, { label: string; className: string; }>'.
src/components/ui/OrderCard.tsx(126,20): error TS2304: Cannot find name 'Utensils'.
src/components/ui/OrderCard.tsx(130,20): error TS2304: Cannot find name 'ShoppingBag'.
src/components/ui/PickuMascot.tsx(66,31): error TS7053: Element implicitly has an 'any' type because expression of type '"default" | "ready" | "complete" | "thinking" | "jumping" | "waving" | "pointing" | "chef" | "logo"' can't be used to index type '{ ready: string; complete: string; thinking: string; jumping: string; waving: string; chef: string; default: string; }'.
  Property 'pointing' does not exist on type '{ ready: string; complete: string; thinking: string; jumping: string; waving: string; chef: string; default: string; }'.
src/hooks/useRealtimeOrders.ts(59,63): error TS2339: Property 'id' does not exist on type '{} | { [key: string]: any; }'.
  Property 'id' does not exist on type '{}'.
src/hooks/useRealtimeOrderStatus.ts(35,21): error TS2741: Property 'payment_failed' is missing in type '{ awaiting_payment: string; paid: string; in_progress: string; ready: string; delivered: string; cancelled: string; refunded: string; }' but required in type 'Record<OrderStatus, string>'.
src/lib/input-sanitization.ts(108,7): error TS2322: Type 'string' is not assignable to type 'T[Extract<keyof T, string>]'.
  'string' is assignable to the constraint of type 'T[Extract<keyof T, string>]', but 'T[Extract<keyof T, string>]' could be instantiated with a different subtype of constraint 'any'.
src/lib/metrics.ts(213,11): error TS2339: Property 'universityId' does not exist on type 'OrderWhereInput'.
src/lib/notifications/whatsapp.ts(89,9): error TS2769: No overload matches this call.
  Overload 1 of 2, '(input: string | URL | Request, init?: RequestInit | undefined): Promise<Response>', gave the following error.
    Type '{ 'Content-Type': string; apikey: string | undefined; }' is not assignable to type 'HeadersInit | undefined'.
      Type '{ 'Content-Type': string; apikey: string | undefined; }' is not assignable to type 'undefined'.
  Overload 2 of 2, '(input: URL | RequestInfo, init?: RequestInit | undefined): Promise<Response>', gave the following error.
    Type '{ 'Content-Type': string; apikey: string | undefined; }' is not assignable to type 'HeadersInit | undefined'.
      Type '{ 'Content-Type': string; apikey: string | undefined; }' is not assignable to type 'undefined'.
src/providers/AuthProvider.tsx(17,10): error TS2305: Module '"next/navigation.js"' has no exported member 'useRouter'.
tests/unit/orders.test.ts(175,7): error TS2739: Type '{ slotStart: Date; slotEnd: Date; }' is missing the following properties from type 'AvailableSlot': available, capacity
vitest.config.ts(6,13): error TS2769: No overload matches this call.
  The last overload gave the following error.
    Type 'Plugin<any>[]' is not assignable to type 'PluginOption'.
      Type 'Plugin<any>[]' is not assignable to type 'PluginOption[]'.
        Type 'Plugin<any>' is not assignable to type 'PluginOption'.
          Type 'import("C:/Users/ACER/Documents/upic/node_modules/.pnpm/vite@7.2.2_@types+node@22.19.0_tsx@4.20.6/node_modules/vite/dist/node/index").Plugin<any>' is not assignable to type 'import("C:/Users/ACER/Documents/upic/node_modules/.pnpm/vite@5.4.21_@types+node@22.19.0/node_modules/vite/dist/node/index").Plugin<any>'.
            Types of property 'apply' are incompatible.
              Type '"serve" | "build" | ((this: void, config: import("C:/Users/ACER/Documents/upic/node_modules/.pnpm/vite@7.2.2_@types+node@22.19.0_tsx@4.20.6/node_modules/vite/dist/node/index").UserConfig, env: import("C:/Users/ACER/Documents/upic/node_modules/.pnpm/vite@7.2.2_@types+node@22.19.0_tsx@4.20.6/node_modules/vite/dist/nod...' is not assignable to type '"serve" | "build" | ((this: void, config: import("C:/Users/ACER/Documents/upic/node_modules/.pnpm/vite@5.4.21_@types+node@22.19.0/node_modules/vite/dist/node/index").UserConfig, env: import("C:/Users/ACER/Documents/upic/node_modules/.pnpm/vite@5.4.21_@types+node@22.19.0/node_modules/vite/dist/node/index").ConfigEnv)...'.
                Type '(this: void, config: UserConfig, env: ConfigEnv) => boolean' is not assignable to type '"serve" | "build" | ((this: void, config: UserConfig, env: ConfigEnv) => boolean) | undefined'.
                  Type '(this: void, config: import("C:/Users/ACER/Documents/upic/node_modules/.pnpm/vite@7.2.2_@types+node@22.19.0_tsx@4.20.6/node_modules/vite/dist/node/index").UserConfig, env: import("C:/Users/ACER/Documents/upic/node_modules/.pnpm/vite@7.2.2_@types+node@22.19.0_tsx@4.20.6/node_modules/vite/dist/node/index").ConfigEnv) ...' is not assignable to type '(this: void, config: import("C:/Users/ACER/Documents/upic/node_modules/.pnpm/vite@5.4.21_@types+node@22.19.0/node_modules/vite/dist/node/index").UserConfig, env: import("C:/Users/ACER/Documents/upic/node_modules/.pnpm/vite@5.4.21_@types+node@22.19.0/node_modules/vite/dist/node/index").ConfigEnv) => boolean'.
                    Types of parameters 'config' and 'config' are incompatible.
                      Type 'import("C:/Users/ACER/Documents/upic/node_modules/.pnpm/vite@5.4.21_@types+node@22.19.0/node_modules/vite/dist/node/index").UserConfig' is not assignable to type 'import("C:/Users/ACER/Documents/upic/node_modules/.pnpm/vite@7.2.2_@types+node@22.19.0_tsx@4.20.6/node_modules/vite/dist/node/index").UserConfig'.
                        Types of property 'plugins' are incompatible.
                          Type 'import("C:/Users/ACER/Documents/upic/node_modules/.pnpm/vite@5.4.21_@types+node@22.19.0/node_modules/vite/dist/node/index").PluginOption[] | undefined' is not assignable to type 'import("C:/Users/ACER/Documents/upic/node_modules/.pnpm/vite@7.2.2_@types+node@22.19.0_tsx@4.20.6/node_modules/vite/dist/node/index").PluginOption[] | undefined'.
                            Type 'import("C:/Users/ACER/Documents/upic/node_modules/.pnpm/vite@5.4.21_@types+node@22.19.0/node_modules/vite/dist/node/index").PluginOption[]' is not assignable to type 'import("C:/Users/ACER/Documents/upic/node_modules/.pnpm/vite@7.2.2_@types+node@22.19.0_tsx@4.20.6/node_modules/vite/dist/node/index").PluginOption[]'.
                              Type 'import("C:/Users/ACER/Documents/upic/node_modules/.pnpm/vite@5.4.21_@types+node@22.19.0/node_modules/vite/dist/node/index").PluginOption' is not assignable to type 'import("C:/Users/ACER/Documents/upic/node_modules/.pnpm/vite@7.2.2_@types+node@22.19.0_tsx@4.20.6/node_modules/vite/dist/node/index").PluginOption'.
                                Type 'Plugin<any>' is not assignable to type 'PluginOption'.
                                  Type 'import("C:/Users/ACER/Documents/upic/node_modules/.pnpm/vite@5.4.21_@types+node@22.19.0/node_modules/vite/dist/node/index").Plugin<any>' is not assignable to type 'import("C:/Users/ACER/Documents/upic/node_modules/.pnpm/vite@7.2.2_@types+node@22.19.0_tsx@4.20.6/node_modules/vite/dist/node/index").Plugin<any>'.
                                    Types of property 'apply' are incompatible.
                                      Type '"serve" | "build" | ((this: void, config: import("C:/Users/ACER/Documents/upic/node_modules/.pnpm/vite@5.4.21_@types+node@22.19.0/node_modules/vite/dist/node/index").UserConfig, env: import("C:/Users/ACER/Documents/upic/node_modules/.pnpm/vite@5.4.21_@types+node@22.19.0/node_modules/vite/dist/node/index").ConfigEnv)...' is not assignable to type '"serve" | "build" | ((this: void, config: import("C:/Users/ACER/Documents/upic/node_modules/.pnpm/vite@7.2.2_@types+node@22.19.0_tsx@4.20.6/node_modules/vite/dist/node/index").UserConfig, env: import("C:/Users/ACER/Documents/upic/node_modules/.pnpm/vite@7.2.2_@types+node@22.19.0_tsx@4.20.6/node_modules/vite/dist/nod...'.
                                        Type '(this: void, config: UserConfig, env: ConfigEnv) => boolean' is not assignable to type '"serve" | "build" | ((this: void, config: UserConfig, env: ConfigEnv) => boolean) | undefined'.
                                          Type '(this: void, config: import("C:/Users/ACER/Documents/upic/node_modules/.pnpm/vite@5.4.21_@types+node@22.19.0/node_modules/vite/dist/node/index").UserConfig, env: import("C:/Users/ACER/Documents/upic/node_modules/.pnpm/vite@5.4.21_@types+node@22.19.0/node_modules/vite/dist/node/index").ConfigEnv) => boolean' is not assignable to type '(this: void, config: import("C:/Users/ACER/Documents/upic/node_modules/.pnpm/vite@7.2.2_@types+node@22.19.0_tsx@4.20.6/node_modules/vite/dist/node/index").UserConfig, env: import("C:/Users/ACER/Documents/upic/node_modules/.pnpm/vite@7.2.2_@types+node@22.19.0_tsx@4.20.6/node_modules/vite/dist/node/index").ConfigEnv) ...'.
                                            Types of parameters 'config' and 'config' are incompatible.
                                              Type 'import("C:/Users/ACER/Documents/upic/node_modules/.pnpm/vite@7.2.2_@types+node@22.19.0_tsx@4.20.6/node_modules/vite/dist/node/index").UserConfig' is not assignable to type 'import("C:/Users/ACER/Documents/upic/node_modules/.pnpm/vite@5.4.21_@types+node@22.19.0/node_modules/vite/dist/node/index").UserConfig'.
                                                Types of property 'plugins' are incompatible.
                                                  Type 'import("C:/Users/ACER/Documents/upic/node_modules/.pnpm/vite@7.2.2_@types+node@22.19.0_tsx@4.20.6/node_modules/vite/dist/node/index").PluginOption[] | undefined' is not assignable to type 'import("C:/Users/ACER/Documents/upic/node_modules/.pnpm/vite@5.4.21_@types+node@22.19.0/node_modules/vite/dist/node/index").PluginOption[] | undefined'.
                                                    Type 'import("C:/Users/ACER/Documents/upic/node_modules/.pnpm/vite@7.2.2_@types+node@22.19.0_tsx@4.20.6/node_modules/vite/dist/node/index").PluginOption[]' is not assignable to type 'import("C:/Users/ACER/Documents/upic/node_modules/.pnpm/vite@5.4.21_@types+node@22.19.0/node_modules/vite/dist/node/index").PluginOption[]'.
                                                      Type 'import("C:/Users/ACER/Documents/upic/node_modules/.pnpm/vite@7.2.2_@types+node@22.19.0_tsx@4.20.6/node_modules/vite/dist/node/index").PluginOption' is not assignable to type 'import("C:/Users/ACER/Documents/upic/node_modules/.pnpm/vite@5.4.21_@types+node@22.19.0/node_modules/vite/dist/node/index").PluginOption'.
                                                        Type 'Promise<Plugin<any> | FalsyPlugin | PluginOption[]>' is not assignable to type 'PluginOption'.
                                                          Type 'Promise<Plugin<any> | FalsyPlugin | PluginOption[]>' is not assignable to type 'Promise<false | Plugin<any> | PluginOption[] | null | undefined>'.
                                                            Type 'Plugin<any> | FalsyPlugin | PluginOption[]' is not assignable to type 'false | Plugin<any> | PluginOption[] | null | undefined'.
                                                              Type 'Plugin<any>' is not assignable to type 'false | Plugin<any> | PluginOption[] | null | undefined'.
